
nsh> [Kbk7258_wifi_runtime init
[BK7258] Wi-Fi runtime task started pid=9
nsh> [K[BK7258] Wi-Fi application init starting
[BK7258-WIFI] dvfs pre-vote r0=0x00000033 vcore=0xb
[BK7258-WIFI] dvfs pre-vote sel=3 div=3 bus=0
[BK7258-WIFI] pmq: cpu_freq vote module=41 freq=3 ret=0
[BK7258-WIFI] dvfs post-vote r0=0x00000033 vcore=0xc
[BK7258-WIFI] dvfs post-vote sel=3 div=3 bus=0
[BK7258-WIFI] boot: cpu_freq vote 120M ret=0
[BK7258] power gate mask=0x00000400 enable=1 ret=0 reg=0x70000000
[BK7258] power gate mask=0x00000200 enable=1 ret=0 reg=0x70000000
[BK7258] clock gate mask=0x08000000 enable=1 ret=0 reg=0x08088284
[BK7258] clock gate mask=0x04000000 enable=1 ret=0 reg=0x0c088284
[initseq] osal mutex-init enter
[initseq] osal mutex-init leave ret=0
[initseq] osal sem-init enter max_count ret=1
[initseq] osal sem-init leave ret=0
[BK7258-WIFI] pmq: lpo_src set to ROSC (pre-adapter) r41=0x00000002
[aonrtc] pre-init tick=0 -> 0
[aon_rtc] bk_aon_rtc_driver_init[+]
[aon_rtc] aon_rtc_hw_init[+]cur_tick=0
[BK7258] ICU attach source=54 irq=70 ret=0
[BK7258] ICU enable source=54 irq=70 ret=0 int_en=0x00000010
[aon_rtc] aon_rtc_hw_init[-]cur_tick=427
[aon_rtc] bk_aon_rtc_driver_init[-]
[aonrtc] post-init tick=618 -> 684
[BK7258-WIFI] runtime: bind adapters
[nv] vnd_cal_version = 24-04-10 00:00:00
[BK7258-WIFI] vnd_cal overlay applied
[BK7258-WIFI] runtime: bk_wifi_init begin
[BK7258-WIFI] int init: lo=0xa0000010 hi=0x8040001f
[wifi] wifi initing
[BK7258] power gate mask=0x00000200 enable=1 ret=0 reg=0x70000000
[BK7258] power gate mask=0x00000400 enable=1 ret=0 reg=0x70000000
[BK7258-WIFI] clk id=26 en=1 first
[BK7258-WIFI] clk id=27 en=1 first
rwnx_cal_set_rfconfig(0x102) phy on; rf off
[initseq] 87a rwnxl_init enter
[BK7258] ICU attach source=36 irq=52 ret=0
[BK7258] ICU enable source=36 irq=52 ret=0 int_en=0xa0000010
[BK7258] ICU attach source=35 irq=51 ret=0
[BK7258] ICU enable source=35 irq=51 ret=0 int_en=0xa0000010
[BK7258] ICU attach source=34 irq=50 ret=0
[BK7258] ICU enable source=34 irq=50 ret=0 int_en=0xa0000010
[BK7258] ICU attach source=33 irq=49 ret=0
[BK7258] ICU enable source=33 irq=49 ret=0 int_en=0xa0000010
[BK7258] ICU attach source=31 irq=47 ret=0
[BK7258] ICU enable source=31 irq=47 ret=0 int_en=0xa0000010
[initseq] osal queue-init enter 'fhost_txbuf'
[initseq] osal queue-init leave 'fhost_txbuf' ret=0
[initseq] osal queue-init enter 'fhost_txbuf'
[initseq] osal queue-init leave 'fhost_txbuf' ret=0
[initseq] osal queue-init enter 'fhost_txbuf'
[initseq] osal queue-init leave 'fhost_txbuf' ret=0
[initseq] osal queue-init enter 'fhost_txbuf'
[initseq] osal queue-init leave 'fhost_txbuf' ret=0
[initseq] osal queue-init enter 'fhost_txbuf'
[initseq] osal queue-init leave 'fhost_txbuf' ret=0
[initseq] osal queue-init enter 'fhost_rxbuf'
[initseq] osal queue-init leave 'fhost_rxbuf' ret=0
[initseq] osal queue-init enter 'fhost_uf_rxbuf'
[initseq] osal queue-init leave 'fhost_uf_rxbuf' ret=0
[initseq] osal queue-init enter 'rxdesc_queue'
[initseq] osal queue-init leave 'rxdesc_queue' ret=0
[BK7258] ICU attach source=29 irq=45 ret=0
[BK7258] ICU enable source=29 irq=45 ret=0 int_en=0xa0000010
[BK7258] ICU attach source=30 irq=46 ret=0
[BK7258] ICU enable source=30 irq=46 ret=0 int_en=0xe0000010
[BK7258-WIFI] pmq: cpu_freq vote module=26 freq=1 ret=0
[BK7258-WIFI] pmq: vote_cpu_freq(module=26 freq=1) ret=0
[initseq] 87b rwnxl_init leave
[initseq] 90a calibration_init enter
[BK7258-WIFI] clk id=5 en=1 first
[cal] load polar tab magic code error 0xffffffff
[cal] get rfcali_mode:1
[BK7258] ICU attach source=8 irq=24 ret=0
[BK7258] ICU enable source=8 irq=24 ret=0 int_en=0xe0000110
[BK7258] ICU disable source=8 irq=24 ret=0 int_en=0xe0000010
[BK7258] power gate mask=0x00000010 enable=0 ret=0 reg=0x70002010
[adc] release
[cal] temp in otp is:563
[cal] temp_code=34,dmodldosel=4,Dgmdc=7
[cal] cali bias(e)
[BK7258] power gate mask=0x00000010 enable=1 ret=0 reg=0x70002008
[BK7258] ICU attach source=8 irq=24 ret=0
[BK7258] ICU enable source=8 irq=24 ret=0 int_en=0xe0000110
[cal] retry_count=4,dlypc_i=2,stateI=[0,60,28,0],dlypc_q=2,stateQ=[0,60,28,0]
[BK7258] ICU disable source=8 irq=24 ret=0 int_en=0xe0000010
[BK7258] power gate mask=0x00000010 enable=0 ret=0 reg=0x70002018
[adc] release
[cal] cali bias(e)
[cal] calibration_main(e1c2bcd) over
[cal] rf cali flag in flash: valid
flash txpwr table:0xf
[cal] load polar tab magic code error 0xffffffff
[BK7258] power gate mask=0x00000010 enable=1 ret=0 reg=0x70002008
[BK7258] ICU attach source=8 irq=24 ret=0
[BK7258] ICU enable source=8 irq=24 ret=0 int_en=0xe0000110
[BK7258] ICU disable source=8 irq=24 ret=0 int_en=0xe0000010
[BK7258] power gate mask=0x00000010 enable=0 ret=0 reg=0x70002018
[adc] release
[cal] retry_count=5,dlypc_i=2,stateI=[0,0,27,0],dlypc_q=2,stateQ=[0,0,30,0]
[cal] temp_code:35 - adc_code:516 - adc_trend:[13]:563->[15]:517
[BK7258-WIFI] pmq: vote_sleep(module=5 state=0) slept=0x0
[BK7258] power gate mask=0x00000010 enable=1 ret=0 reg=0x70002008
[BK7258] ICU attach source=8 irq=24 ret=0
[BK7258] ICU enable source=8 irq=24 ret=0 int_en=0xe0000110
[BK7258] ICU disable source=8 irq=24 ret=0 int_en=0xe0000010
[BK7258] power gate mask=0x00000010 enable=0 ret=0 reg=0x70002018
[adc] release
[BK7258-WIFI] pmq: vote_sleep(module=5 state=1) slept=0x20
xtal_cali:45
[cal] --init_xtal = 45
[cal] gtx_dcorPA=0x15->0x15
[cal] -----pwr_gain:40, rate=54, g_idx:40, shift_b:0, shift_g:1
[cal] idx:41=40+(1),r:54,xtal:45,pwr_gain:a8ab7131
[initseq] 90b calibration_init leave ret=0
[initseq] 97a cfg_param_init enter
[initseq] 97b cfg_param_init leave ret=0
[initseq] 105a rwnx_intf_init enter
[initseq] osal mutex-init enter
[initseq] osal mutex-init leave ret=0
[initseq] osal sem-init enter max_count ret=1
[initseq] osal sem-init leave ret=0
[initseq] osal thread-create enter 'kmsgbk'
[initseq] osal thread-create leave 'kmsgbk' ret=0
[initseq] osal queue-init enter 'core_queue'
[initseq] osal queue-init leave 'core_queue' ret=0
[initseq] osal thread-create enter 'core_thread'
[initseq] osal thread-create leave 'core_thread' ret=0
[initseq] 1245a rwnxl_sleep enter
[BK7258] power gate mask=0x00000400 enable=0 ret=0 reg=0x70002418
[BK7258-WIFI] pmq: vote_sleep(module=9 state=1) slept=0x220
[initseq] 1245b rwnxl_sleep leave
[initseq] 105b rwnx_intf_init leave ret=0
[initseq] 120a fhost_rxbuf_push enter
[initseq] 120b fhost_rxbuf_push leave ret=0
[initseq] 123a wpas_thread_start enter
[initseq] osal queue-init enter 'wpah_queue'
[initseq] osal queue-init leave 'wpah_queue' ret=0
[initseq] osal thread-create enter 'wpas_thread'
[initseq] osal thread-create leave 'wpas_thread' ret=0
[initseq] osal mutex-init enter
[initseq] osal mutex-init leave ret=0
[initseq] osal mutex-init enter
[initseq] osal mutex-init leave ret=0
[initseq] 123b wpas_thread_start leave
[initseq] 126a coex_ictw_report enter
[initseq] 126b coex_ictw_report leave
[wifi] wifi inited(1) ret(0)
[BK7258-WIFI] runtime: bk_wifi_init complete
[BK7258-WIFI] parity: null-vs-authoritative: (none)
